# serializer version: 1
# name: test_cli_energy_command
  '''
                       Electricity
  ┌────────────────────────┬──────────────────────────┐
  │ Requested period       │ 2026-04-19               │
  │ Returned intervals     │ 5                        │
  │ Usage price type       │ invoice                  │
  │ Granularity            │ quarter                  │
  │ Unit                   │ kWh                      │
  │ Current market         │ -                        │
  │ Current invoice        │ -                        │
  │ Current selected usage │ -                        │
  │ First usage            │ 0.13053                  │
  │ First return           │ -0.00210                 │
  │ Average usage          │ 0.12958                  │
  │ Average return         │ -0.00305                 │
  │ Lowest usage           │ 0.12824                  │
  │ Highest usage          │ 0.13053                  │
  │ Lowest usage at        │ 2026-04-19 14:45:00 CEST │
  │ Highest usage at       │ 2026-04-19 14:00:00 CEST │
  │ Lowest return at       │ 2026-04-19 14:45:00 CEST │
  │ Highest return at      │ 2026-04-19 14:00:00 CEST │
  └────────────────────────┴──────────────────────────┘
                                 Returned intervals
  ┏━━━━━━━━┳━━━━━━━━┳━━━━━━━━┳━━━━━━━━┳━━━━━━━━┳━━━━━━━┳━━━━━━━━┳━━━━━━━┳━━━━━━━━┓
  ┃        ┃        ┃        ┃        ┃    Inc ┃       ┃        ┃       ┃        ┃
  ┃ Start  ┃ End    ┃  Usage ┃ Market ┃    VAT ┃   Tax ┃ Purch… ┃ Invo… ┃ Unit   ┃
  ┡━━━━━━━━╇━━━━━━━━╇━━━━━━━━╇━━━━━━━━╇━━━━━━━━╇━━━━━━━╇━━━━━━━━╇━━━━━━━╇━━━━━━━━┩
  │ 2026-… │ 2026-… │ 0.130… │ -0.00… │ -0.00… │ 0.11… │ 0.021… │ 0.13… │ quart… │
  │ 14:00… │ 14:15… │        │        │        │       │        │       │        │
  │ CEST   │ CEST   │        │        │        │       │        │       │        │
  │ 2026-… │ 2026-… │ 0.130… │ -0.00… │ -0.00… │ 0.11… │ 0.021… │ 0.13… │ quart… │
  │ 14:15… │ 14:30… │        │        │        │       │        │       │        │
  │ CEST   │ CEST   │        │        │        │       │        │       │        │
  └────────┴────────┴────────┴────────┴────────┴───────┴────────┴───────┴────────┘
  
  '''
# ---
# name: test_cli_entities_command
  '''
  Entity overview for 2026-04-19
  
                                Electricity - Usage
  ┏━━━━━━━━━━━━━━━━━━━━━━━━━┳━━━━━━━━━━━━━━━━━━━━━━━━━━┳━━━━━━━━━━━━━━━━━━━━━━━━━┓
  ┃ Entity                  ┃                    Value ┃ Description             ┃
  ┡━━━━━━━━━━━━━━━━━━━━━━━━━╇━━━━━━━━━━━━━━━━━━━━━━━━━━╇━━━━━━━━━━━━━━━━━━━━━━━━━┩
  │ current_price           │                        - │ Current usage price     │
  │ current_market_price    │                        - │ Market price (inc VAT)  │
  │ current_market_price_e… │                        - │ Market price (exc VAT)  │
  │ current_invoice_price   │                        - │ Invoice price           │
  │ average_price           │                  0.09516 │ Average price           │
  │ extreme_prices          │      (-0.00300, 0.15082) │ Min/max price (tuple)   │
  │ highest_price_time      │ 2026-04-19 20:00:00 CEST │ Time of highest price   │
  │ lowest_price_time       │ 2026-04-19 14:00:00 CEST │ Time of lowest price    │
  │ pct_of_max              │                  0.00000 │ Current as % of max     │
  │ periods_priced_equal_o… │                        3 │ Intervals <= current    │
  │ periods_priced_equal_o… │                       21 │ Intervals >= current    │
  │ prices                  │           <24 intervals> │ Price series            │
  │ market_prices           │           <24 intervals> │ Market prices (inc VAT) │
  │ market_prices_excludin… │           <24 intervals> │ Market prices (exc VAT) │
  │ invoice_prices          │           <24 intervals> │ Invoice prices          │
  │ timestamp_prices        │               <24 items> │ Timestamps + prices     │
  │ timestamp_market_prices │               <24 items> │ Timestamps + market     │
  │ timestamp_market_price… │               <24 items> │ Timestamps + market     │
  │                         │                          │ (exc VAT)               │
  │ timestamp_invoice_pric… │               <24 items> │ Timestamps + invoice    │
  └─────────────────────────┴──────────────────────────┴─────────────────────────┘
                                Electricity - Return
  ┏━━━━━━━━━━━━━━━━━━━━━━━━━━┳━━━━━━━━━━━━━━━━━━━━━━━━━━┳━━━━━━━━━━━━━━━━━━━━━━━━┓
  ┃ Entity                   ┃                    Value ┃ Description            ┃
  ┡━━━━━━━━━━━━━━━━━━━━━━━━━━╇━━━━━━━━━━━━━━━━━━━━━━━━━━╇━━━━━━━━━━━━━━━━━━━━━━━━┩
  │ current_return_price     │                        - │ Current return price   │
  │ average_return_price     │                  0.09516 │ Average return price   │
  │ extreme_return_prices    │      (-0.00300, 0.15082) │ Min/max return (tuple) │
  │ highest_return_price_ti… │ 2026-04-19 20:00:00 CEST │ Time of highest        │
  │ lowest_return_price_time │ 2026-04-19 14:00:00 CEST │ Time of lowest         │
  │ pct_of_max_return        │                  0.00000 │ Current as % of max    │
  │ return_periods_priced_e… │                       21 │ Intervals >= current   │
  │ return_prices            │           <24 intervals> │ Return price series    │
  │ timestamp_return_prices  │               <24 items> │ Timestamps + return    │
  └──────────────────────────┴──────────────────────────┴────────────────────────┘
                                     Gas
  ┏━━━━━━━━━━━━━━━━━━━━┳━━━━━━━━━━━━━━━━━━━━━━━━━━┳━━━━━━━━━━━━━━━━━━━━━━━┓
  ┃ Entity             ┃                    Value ┃ Description           ┃
  ┡━━━━━━━━━━━━━━━━━━━━╇━━━━━━━━━━━━━━━━━━━━━━━━━━╇━━━━━━━━━━━━━━━━━━━━━━━┩
  │ current_price      │                        - │ Current price         │
  │ average_price      │                  0.59776 │ Average price         │
  │ extreme_prices     │       (0.57862, 0.61690) │ Min/max price (tuple) │
  │ highest_price_time │ 2026-04-01 00:00:00 CEST │ Time of highest       │
  │ lowest_price_time  │ 2026-04-02 00:00:00 CEST │ Time of lowest        │
  │ prices             │            <2 intervals> │ Price series          │
  │ timestamp_prices   │                <2 items> │ Timestamps + prices   │
  └────────────────────┴──────────────────────────┴───────────────────────┘
  
  '''
# ---
# name: test_cli_gas_command
  '''
                                        Gas
  ┌────────────────────┬─────────────────────────────────────────────────────────┐
  │ Requested period   │ 2026-04-01 -> 2026-04-02                                │
  │ Returned intervals │ 2                                                       │
  │ Unit               │ m3                                                      │
  │ Selected price     │ 0.61690                                                 │
  │ Average price      │ 0.59776                                                 │
  │ Lowest price       │ 0.57862                                                 │
  │ Highest price      │ 0.61690                                                 │
  │ First interval     │ 2026-04-01 00:00:00 CEST -> 2026-04-02 00:00:00 CEST |  │
  │                    │ market=0.50983 | inc_vat=0.61690 | tax=0.72680 |        │
  │                    │ purchase=0.07900 | invoice=1.42270 | day/m3             │
  └────────────────────┴─────────────────────────────────────────────────────────┘
                                 Returned intervals
  ┏━━━━━━━━┳━━━━━━━━┳━━━━━━━━┳━━━━━━━━┳━━━━━━━━┳━━━━━━━━┳━━━━━━━┳━━━━━━━━┳━━━━━━━┓
  ┃        ┃        ┃        ┃        ┃    Inc ┃        ┃       ┃        ┃       ┃
  ┃ Start  ┃ End    ┃  Price ┃ Market ┃    VAT ┃    Tax ┃ Purc… ┃ Invoi… ┃ Unit  ┃
  ┡━━━━━━━━╇━━━━━━━━╇━━━━━━━━╇━━━━━━━━╇━━━━━━━━╇━━━━━━━━╇━━━━━━━╇━━━━━━━━╇━━━━━━━┩
  │ 2026-… │ 2026-… │ 0.616… │ 0.509… │ 0.616… │ 0.726… │ 0.07… │ 1.422… │ day/… │
  │ 00:00… │ 00:00… │        │        │        │        │       │        │       │
  │ CEST   │ CEST   │        │        │        │        │       │        │       │
  └────────┴────────┴────────┴────────┴────────┴────────┴───────┴────────┴───────┘
  
  '''
# ---
# name: test_cli_no_data_handler
  '''
  ╭────────────── easyEnergy ───────────────╮
  │ No energy prices found for this period. │
  ╰─────────────────────────────────────────╯
  
  '''
# ---
# name: test_cli_prices_list_command
  '''
                         Electricity intervals (2026-04-19)
  ┏━━━━━━━━┳━━━━━━━━┳━━━━━━━━┳━━━━━━━━┳━━━━━━━━┳━━━━━━━┳━━━━━━━━┳━━━━━━━┳━━━━━━━━┓
  ┃        ┃        ┃        ┃        ┃    Inc ┃       ┃        ┃       ┃        ┃
  ┃ Start  ┃ End    ┃  Usage ┃ Market ┃    VAT ┃   Tax ┃ Purch… ┃ Invo… ┃ Unit   ┃
  ┡━━━━━━━━╇━━━━━━━━╇━━━━━━━━╇━━━━━━━━╇━━━━━━━━╇━━━━━━━╇━━━━━━━━╇━━━━━━━╇━━━━━━━━┩
  │ 2026-… │ 2026-… │ 0.130… │ -0.00… │ -0.00… │ 0.11… │ 0.021… │ 0.13… │ quart… │
  │ 14:00… │ 14:15… │        │        │        │       │        │       │        │
  │ CEST   │ CEST   │        │        │        │       │        │       │        │
  │ 2026-… │ 2026-… │ 0.130… │ -0.00… │ -0.00… │ 0.11… │ 0.021… │ 0.13… │ quart… │
  │ 14:15… │ 14:30… │        │        │        │       │        │       │        │
  │ CEST   │ CEST   │        │        │        │       │        │       │        │
  └────────┴────────┴────────┴────────┴────────┴───────┴────────┴───────┴────────┘
                             Gas intervals (2026-04-19)
  ┏━━━━━━━━┳━━━━━━━━┳━━━━━━━━┳━━━━━━━━┳━━━━━━━━┳━━━━━━━━┳━━━━━━━┳━━━━━━━━┳━━━━━━━┓
  ┃        ┃        ┃        ┃        ┃    Inc ┃        ┃       ┃        ┃       ┃
  ┃ Start  ┃ End    ┃  Price ┃ Market ┃    VAT ┃    Tax ┃ Purc… ┃ Invoi… ┃ Unit  ┃
  ┡━━━━━━━━╇━━━━━━━━╇━━━━━━━━╇━━━━━━━━╇━━━━━━━━╇━━━━━━━━╇━━━━━━━╇━━━━━━━━╇━━━━━━━┩
  │ 2026-… │ 2026-… │ 0.616… │ 0.509… │ 0.616… │ 0.726… │ 0.07… │ 1.422… │ day/… │
  │ 00:00… │ 00:00… │        │        │        │        │       │        │       │
  │ CEST   │ CEST   │        │        │        │        │       │        │       │
  │ 2026-… │ 2026-… │ 0.578… │ 0.478… │ 0.578… │ 0.726… │ 0.07… │ 1.384… │ day/… │
  │ 00:00… │ 00:00… │        │        │        │        │       │        │       │
  │ CEST   │ CEST   │        │        │        │        │       │        │       │
  └────────┴────────┴────────┴────────┴────────┴────────┴───────┴────────┴───────┘
  
  '''
# ---
# name: test_cli_selected_prices_helper
  dict({
    'exclude_market_current': -0.00226,
    'exclude_market_prices': dict({
      FakeDatetime(2026, 4, 18, 22, 0, tzinfo=datetime.timezone.utc): 0.11549,
      FakeDatetime(2026, 4, 18, 23, 0, tzinfo=datetime.timezone.utc): 0.10522,
      FakeDatetime(2026, 4, 19, 0, 0, tzinfo=datetime.timezone.utc): 0.1092,
      FakeDatetime(2026, 4, 19, 1, 0, tzinfo=datetime.timezone.utc): 0.10325,
      FakeDatetime(2026, 4, 19, 2, 0, tzinfo=datetime.timezone.utc): 0.10346,
      FakeDatetime(2026, 4, 19, 3, 0, tzinfo=datetime.timezone.utc): 0.09795,
      FakeDatetime(2026, 4, 19, 4, 0, tzinfo=datetime.timezone.utc): 0.10071,
      FakeDatetime(2026, 4, 19, 5, 0, tzinfo=datetime.timezone.utc): 0.09793,
      FakeDatetime(2026, 4, 19, 6, 0, tzinfo=datetime.timezone.utc): 0.09725,
      FakeDatetime(2026, 4, 19, 7, 0, tzinfo=datetime.timezone.utc): 0.08766,
      FakeDatetime(2026, 4, 19, 8, 0, tzinfo=datetime.timezone.utc): 0.06132,
      FakeDatetime(2026, 4, 19, 9, 0, tzinfo=datetime.timezone.utc): 0.02832,
      FakeDatetime(2026, 4, 19, 10, 0, tzinfo=datetime.timezone.utc): 0.00806,
      FakeDatetime(2026, 4, 19, 11, 0, tzinfo=datetime.timezone.utc): -0.00085,
      FakeDatetime(2026, 4, 19, 12, 0, tzinfo=datetime.timezone.utc): -0.003,
      FakeDatetime(2026, 4, 19, 13, 0, tzinfo=datetime.timezone.utc): -0.00226,
      FakeDatetime(2026, 4, 19, 14, 0, tzinfo=datetime.timezone.utc): 0.01348,
      FakeDatetime(2026, 4, 19, 15, 0, tzinfo=datetime.timezone.utc): 0.06533,
      FakeDatetime(2026, 4, 19, 16, 0, tzinfo=datetime.timezone.utc): 0.10385,
      FakeDatetime(2026, 4, 19, 17, 0, tzinfo=datetime.timezone.utc): 0.11681,
      FakeDatetime(2026, 4, 19, 18, 0, tzinfo=datetime.timezone.utc): 0.12464,
      FakeDatetime(2026, 4, 19, 19, 0, tzinfo=datetime.timezone.utc): 0.12214,
      FakeDatetime(2026, 4, 19, 20, 0, tzinfo=datetime.timezone.utc): 0.11906,
      FakeDatetime(2026, 4, 19, 21, 0, tzinfo=datetime.timezone.utc): 0.1113,
    }),
    'include_market_current': -0.00226,
    'include_market_prices': dict({
      FakeDatetime(2026, 4, 18, 22, 0, tzinfo=datetime.timezone.utc): 0.13975,
      FakeDatetime(2026, 4, 18, 23, 0, tzinfo=datetime.timezone.utc): 0.12732,
      FakeDatetime(2026, 4, 19, 0, 0, tzinfo=datetime.timezone.utc): 0.13213,
      FakeDatetime(2026, 4, 19, 1, 0, tzinfo=datetime.timezone.utc): 0.12493,
      FakeDatetime(2026, 4, 19, 2, 0, tzinfo=datetime.timezone.utc): 0.12519,
      FakeDatetime(2026, 4, 19, 3, 0, tzinfo=datetime.timezone.utc): 0.11852,
      FakeDatetime(2026, 4, 19, 4, 0, tzinfo=datetime.timezone.utc): 0.12186,
      FakeDatetime(2026, 4, 19, 5, 0, tzinfo=datetime.timezone.utc): 0.1185,
      FakeDatetime(2026, 4, 19, 6, 0, tzinfo=datetime.timezone.utc): 0.11768,
      FakeDatetime(2026, 4, 19, 7, 0, tzinfo=datetime.timezone.utc): 0.10607,
      FakeDatetime(2026, 4, 19, 8, 0, tzinfo=datetime.timezone.utc): 0.07419,
      FakeDatetime(2026, 4, 19, 9, 0, tzinfo=datetime.timezone.utc): 0.03426,
      FakeDatetime(2026, 4, 19, 10, 0, tzinfo=datetime.timezone.utc): 0.00975,
      FakeDatetime(2026, 4, 19, 11, 0, tzinfo=datetime.timezone.utc): -0.00085,
      FakeDatetime(2026, 4, 19, 12, 0, tzinfo=datetime.timezone.utc): -0.003,
      FakeDatetime(2026, 4, 19, 13, 0, tzinfo=datetime.timezone.utc): -0.00226,
      FakeDatetime(2026, 4, 19, 14, 0, tzinfo=datetime.timezone.utc): 0.01631,
      FakeDatetime(2026, 4, 19, 15, 0, tzinfo=datetime.timezone.utc): 0.07905,
      FakeDatetime(2026, 4, 19, 16, 0, tzinfo=datetime.timezone.utc): 0.12566,
      FakeDatetime(2026, 4, 19, 17, 0, tzinfo=datetime.timezone.utc): 0.14134,
      FakeDatetime(2026, 4, 19, 18, 0, tzinfo=datetime.timezone.utc): 0.15082,
      FakeDatetime(2026, 4, 19, 19, 0, tzinfo=datetime.timezone.utc): 0.14779,
      FakeDatetime(2026, 4, 19, 20, 0, tzinfo=datetime.timezone.utc): 0.14407,
      FakeDatetime(2026, 4, 19, 21, 0, tzinfo=datetime.timezone.utc): 0.13467,
    }),
    'invoice_current': 0.13037,
    'invoice_prices': dict({
      FakeDatetime(2026, 4, 18, 22, 0, tzinfo=datetime.timezone.utc): 0.27238,
      FakeDatetime(2026, 4, 18, 23, 0, tzinfo=datetime.timezone.utc): 0.25995,
      FakeDatetime(2026, 4, 19, 0, 0, tzinfo=datetime.timezone.utc): 0.26476,
      FakeDatetime(2026, 4, 19, 1, 0, tzinfo=datetime.timezone.utc): 0.25756,
      FakeDatetime(2026, 4, 19, 2, 0, tzinfo=datetime.timezone.utc): 0.25782,
      FakeDatetime(2026, 4, 19, 3, 0, tzinfo=datetime.timezone.utc): 0.25115,
      FakeDatetime(2026, 4, 19, 4, 0, tzinfo=datetime.timezone.utc): 0.25449,
      FakeDatetime(2026, 4, 19, 5, 0, tzinfo=datetime.timezone.utc): 0.25113,
      FakeDatetime(2026, 4, 19, 6, 0, tzinfo=datetime.timezone.utc): 0.25031,
      FakeDatetime(2026, 4, 19, 7, 0, tzinfo=datetime.timezone.utc): 0.2387,
      FakeDatetime(2026, 4, 19, 8, 0, tzinfo=datetime.timezone.utc): 0.20682,
      FakeDatetime(2026, 4, 19, 9, 0, tzinfo=datetime.timezone.utc): 0.16689,
      FakeDatetime(2026, 4, 19, 10, 0, tzinfo=datetime.timezone.utc): 0.14238,
      FakeDatetime(2026, 4, 19, 11, 0, tzinfo=datetime.timezone.utc): 0.13178,
      FakeDatetime(2026, 4, 19, 12, 0, tzinfo=datetime.timezone.utc): 0.12963,
      FakeDatetime(2026, 4, 19, 13, 0, tzinfo=datetime.timezone.utc): 0.13037,
      FakeDatetime(2026, 4, 19, 14, 0, tzinfo=datetime.timezone.utc): 0.14894,
      FakeDatetime(2026, 4, 19, 15, 0, tzinfo=datetime.timezone.utc): 0.21168,
      FakeDatetime(2026, 4, 19, 16, 0, tzinfo=datetime.timezone.utc): 0.25829,
      FakeDatetime(2026, 4, 19, 17, 0, tzinfo=datetime.timezone.utc): 0.27397,
      FakeDatetime(2026, 4, 19, 18, 0, tzinfo=datetime.timezone.utc): 0.28345,
      FakeDatetime(2026, 4, 19, 19, 0, tzinfo=datetime.timezone.utc): 0.28042,
      FakeDatetime(2026, 4, 19, 20, 0, tzinfo=datetime.timezone.utc): 0.2767,
      FakeDatetime(2026, 4, 19, 21, 0, tzinfo=datetime.timezone.utc): 0.2673,
    }),
  })
# ---
